seeds honoured by backend: True

=== UC5 ===
  UC5 prose_only                 converged=False crashed=False (runtime_error)
  UC5 assert_true_cheat          converged=False crashed=False (test_failure)
  UC5 forged_report              converged=False crashed=False (test_failure)
  UC5 early_exit                 converged=False crashed=False (test_failure)
  UC5 infinite_loop              converged=False crashed=False (timeout)
  UC5 memory_bomb                converged=False crashed=False (runtime_error)
  UC5 control_correct            converged=True crashed=False (perfect)
  UC5 control_wrong_then_fixed   converged=True crashed=False (perfect)
=== UC5 done in 7s ===

=== UC2 ===
  UC2 rotate_list          seed=1 energies=[0.0]
  UC2 chunk_list           seed=1 energies=[0.0]
  UC2 rotate_string        seed=1 energies=[10.0, 0.0]
      adaptive retry     energies=[10.0, 0.0]
  UC2 sliding_windows      seed=1 energies=[0.0]
  UC2 validate_ipv4        seed=1 energies=[7.142857142857143, 0.0]
      adaptive retry     energies=[7.142857142857143, 0.0]
  UC2 parse_duration       seed=1 energies=[28.571428571428573, 28.571428571428573, 28.571428571428573]
      adaptive retry     energies=[28.571428571428573, 28.571428571428573, 28.571428571428573]
  UC2 validate_hex_color   seed=1 energies=[7.142857142857143, 0.0]
      adaptive retry     energies=[7.142857142857143, 21.428571428571427, 14.285714285714286]
  UC2 parse_size           seed=1 energies=[7.142857142857143, 60.0, 60.0]
      adaptive retry     energies=[7.142857142857143, 35.714285714285715, 35.714285714285715]
  UC2 factorial            seed=1 energies=[0.0]
  UC2 median               seed=1 energies=[0.0]
  UC2 nth_fibonacci        seed=1 energies=[0.0]
  UC2 second_largest       seed=1 energies=[0.0]
  UC2 camel_to_snake       seed=1 energies=[28.571428571428573, 28.571428571428573, 28.571428571428573]
      adaptive retry     energies=[28.571428571428573, 28.571428571428573, 28.571428571428573]
  UC2 run_length_encode    seed=1 energies=[0.0]
  UC2 snake_to_camel       seed=1 energies=[41.666666666666664, 41.666666666666664, 41.666666666666664]
      adaptive retry     energies=[41.666666666666664, 41.666666666666664, 41.666666666666664]
  UC2 run_length_decode    seed=1 energies=[8.333333333333334, 8.333333333333334, 8.333333333333334]
      adaptive retry     energies=[8.333333333333334, 8.333333333333334, 8.333333333333334]
  UC2 merge_intervals      seed=1 energies=[8.333333333333334, 8.333333333333334, 8.333333333333334]
      adaptive retry     energies=[8.333333333333334, 8.333333333333334, 8.333333333333334]
  UC2 compress_ranges      seed=1 energies=[40.0, 40.0, 40.0]
      adaptive retry     energies=[40.0, 40.0, 40.0]
  UC2 expand_ranges        seed=1 energies=[41.666666666666664, 41.666666666666664, 41.666666666666664]
      adaptive retry     energies=[41.666666666666664, 25.0, 25.0]
  UC2 missing_ranges       seed=1 energies=[40.0, 40.0, 40.0]
      adaptive retry     energies=[40.0, 20.0, 20.0]
  UC2 rotate_list          seed=2 energies=[0.0]
  UC2 chunk_list           seed=2 energies=[0.0]
  UC2 rotate_string        seed=2 energies=[0.0]
  UC2 sliding_windows      seed=2 energies=[0.0]
  UC2 validate_ipv4        seed=2 energies=[7.142857142857143, 7.142857142857143, 7.142857142857143]
      adaptive retry     energies=[7.142857142857143, 14.285714285714286, 14.285714285714286]
  UC2 parse_duration       seed=2 energies=[28.571428571428573, 28.571428571428573, 28.571428571428573]
      adaptive retry     energies=[28.571428571428573, 28.571428571428573, 28.571428571428573]
  UC2 validate_hex_color   seed=2 energies=[0.0]
  UC2 parse_size           seed=2 energies=[35.714285714285715, 35.714285714285715, 35.714285714285715]
      adaptive retry     energies=[35.714285714285715, 35.714285714285715, 35.714285714285715]
  UC2 factorial            seed=2 energies=[0.0]
  UC2 median               seed=2 energies=[0.0]
  UC2 nth_fibonacci        seed=2 energies=[8.333333333333334, 0.0]
      adaptive retry     energies=[8.333333333333334, 25.0, 25.0]
  UC2 second_largest       seed=2 energies=[0.0]
  UC2 camel_to_snake       seed=2 energies=[28.571428571428573, 42.857142857142854, 42.857142857142854]
      adaptive retry     energies=[28.571428571428573, 35.714285714285715, 35.714285714285715]
  UC2 run_length_encode    seed=2 energies=[0.0]
  UC2 snake_to_camel       seed=2 energies=[41.666666666666664, 41.666666666666664, 41.666666666666664]
      adaptive retry     energies=[41.666666666666664, 41.666666666666664, 41.666666666666664]
  UC2 run_length_decode    seed=2 energies=[8.333333333333334, 8.333333333333334, 8.333333333333334]
      adaptive retry     energies=[8.333333333333334, 8.333333333333334, 33.333333333333336]
  UC2 merge_intervals      seed=2 energies=[8.333333333333334, 8.333333333333334, 8.333333333333334]
      adaptive retry     energies=[8.333333333333334, 8.333333333333334, 33.333333333333336]
  UC2 compress_ranges      seed=2 energies=[30.0, 30.0, 30.0]
      adaptive retry     energies=[30.0, 30.0, 40.0]
  UC2 expand_ranges        seed=2 energies=[41.666666666666664, 41.666666666666664, 41.666666666666664]
      adaptive retry     energies=[41.666666666666664, 41.666666666666664, 41.666666666666664]
  UC2 missing_ranges       seed=2 energies=[10.0, 10.0, 10.0]
      adaptive retry     energies=[10.0, 10.0, 40.0]
=== UC2 done in 20331s ===

=== UC3 ===
  UC3 rotate_string        done
  UC3 validate_ipv4        done
  UC3 parse_duration       done
  UC3 validate_hex_color   done
  UC3 parse_size           done
  UC3 camel_to_snake       done
  UC3 snake_to_camel       done
  UC3 run_length_decode    done
=== UC3 done in 2530s ===

=== UC4 ===
  UC4 rotate_string        seed=1 off={'converged': True, 'iterations': 2, 'e1': 10.0} on={'converged': True, 'iterations': 1, 'e1': 0.0}
  UC4 sliding_windows      seed=1 off={'converged': True, 'iterations': 1, 'e1': 0.0} on={'converged': False, 'iterations': 3, 'e1': 20.0}
  UC4 validate_hex_color   seed=1 off={'converged': True, 'iterations': 2, 'e1': 7.142857142857143} on={'converged': False, 'iterations': 3, 'e1': 7.142857142857143}
  UC4 parse_size           seed=1 off={'converged': False, 'iterations': 3, 'e1': 7.142857142857143} on={'converged': False, 'iterations': 3, 'e1': 14.285714285714286}
  UC4 nth_fibonacci        seed=1 off={'converged': True, 'iterations': 1, 'e1': 0.0} on={'converged': True, 'iterations': 1, 'e1': 0.0}
  UC4 second_largest       seed=1 off={'converged': True, 'iterations': 1, 'e1': 0.0} on={'converged': True, 'iterations': 1, 'e1': 0.0}
  UC4 snake_to_camel       seed=1 off={'converged': False, 'iterations': 3, 'e1': 41.666666666666664} on={'converged': False, 'iterations': 3, 'e1': 41.666666666666664}
  UC4 run_length_decode    seed=1 off={'converged': False, 'iterations': 3, 'e1': 8.333333333333334} on={'converged': False, 'iterations': 3, 'e1': 8.333333333333334}
  UC4 expand_ranges        seed=1 off={'converged': False, 'iterations': 3, 'e1': 41.666666666666664} on={'converged': True, 'iterations': 2, 'e1': 16.666666666666668}
  UC4 missing_ranges       seed=1 off={'converged': False, 'iterations': 3, 'e1': 40.0} on={'converged': False, 'iterations': 3, 'e1': 40.0}
  UC4 rotate_string        seed=2 off={'converged': True, 'iterations': 1, 'e1': 0.0} on={'converged': True, 'iterations': 1, 'e1': 0.0}
  UC4 sliding_windows      seed=2 off={'converged': True, 'iterations': 1, 'e1': 0.0} on={'converged': True, 'iterations': 1, 'e1': 0.0}
  UC4 validate_hex_color   seed=2 off={'converged': True, 'iterations': 1, 'e1': 0.0} on={'converged': True, 'iterations': 1, 'e1': 0.0}
  UC4 parse_size           seed=2 off={'converged': False, 'iterations': 3, 'e1': 35.714285714285715} on={'converged': False, 'iterations': 3, 'e1': 7.142857142857143}
  UC4 nth_fibonacci        seed=2 off={'converged': True, 'iterations': 2, 'e1': 8.333333333333334} on={'converged': False, 'iterations': 3, 'e1': 8.333333333333334}
  UC4 second_largest       seed=2 off={'converged': True, 'iterations': 1, 'e1': 0.0} on={'converged': True, 'iterations': 1, 'e1': 0.0}
  UC4 snake_to_camel       seed=2 off={'converged': False, 'iterations': 3, 'e1': 41.666666666666664} on={'converged': False, 'iterations': 3, 'e1': 41.666666666666664}
  UC4 run_length_decode    seed=2 off={'converged': False, 'iterations': 3, 'e1': 8.333333333333334} on={'converged': False, 'iterations': 3, 'e1': 41.666666666666664}
  UC4 expand_ranges        seed=2 off={'converged': False, 'iterations': 3, 'e1': 41.666666666666664} on={'converged': False, 'iterations': 3, 'e1': 8.333333333333334}
  UC4 missing_ranges       seed=2 off={'converged': False, 'iterations': 3, 'e1': 10.0} on={'converged': False, 'iterations': 3, 'e1': 10.0}
=== UC4 done in 2540s ===

=== UC1 ===
  UC1 rotate_list          seed=1 claimed=True verified=True
  UC1 chunk_list           seed=1 claimed=True verified=True
  UC1 rotate_string        seed=1 claimed=False verified=False
  UC1 sliding_windows      seed=1 claimed=True verified=True
  UC1 validate_ipv4        seed=1 claimed=False verified=False
  UC1 parse_duration       seed=1 claimed=True verified=False
  UC1 validate_hex_color   seed=1 claimed=True verified=True
  UC1 parse_size           seed=1 claimed=False verified=False
  UC1 factorial            seed=1 claimed=True verified=True
  UC1 median               seed=1 claimed=True verified=True
  UC1 nth_fibonacci        seed=1 claimed=False verified=False
  UC1 second_largest       seed=1 claimed=True verified=True
  UC1 camel_to_snake       seed=1 claimed=True verified=False
  UC1 run_length_encode    seed=1 claimed=False verified=False
  UC1 snake_to_camel       seed=1 claimed=False verified=False
  UC1 run_length_decode    seed=1 claimed=False verified=False
  UC1 merge_intervals      seed=1 claimed=False verified=False
  UC1 compress_ranges      seed=1 claimed=False verified=False
  UC1 expand_ranges        seed=1 claimed=True verified=False
  UC1 missing_ranges       seed=1 claimed=True verified=False
=== UC1 done in 3150s ===

GATE
  [PASS] G1 legacy false convergences are exposed (measured, informational)
  [PASS] G2 plain retry rescues at least one failed first attempt
  [FAIL] G2b adaptive retry rescues more failed first attempts than plain retry
  [PASS] G3 fix rate with code >= without code
  [FAIL] G4 memory on: pass@1 >= memory off and no net regression
  [PASS] G5 zero crashes, false convergences, missed controls, poisoned memories
