═══════════════════════════════════════════════════════════════════════
🌙 ANSE NIGHTLY RL PIPELINE DISPATCH
   Start time: Tue Sep 22 06:26:59 CEST 2026
   Working dir: /home/xavkal/xdev/AutoevolveAI
   Log file:    results/rl_nightly/nightly_run_20260922_062659.log
═══════════════════════════════════════════════════════════════════════
[1/2] Conducting 100 Code Functional Tests with Redis Session Recording...
═══════════════════════════════════════════════════════════════════════
🚀 INITIATING 100 CODE FUNCTIONAL TESTS (POSITIVE & ISSUE SCENARIOS)
   Target:      100 total tests across 20 algorithmic suites
   Output dir:  results/rl_nightly
   Physics:     Sandbox execution, AST AntiStubGuard, E = w_t*ms + w_m*RAM
═══════════════════════════════════════════════════════════════════════

Progress | Task Name (Scenario)                   | POS Energy | ISSUE Energy | Delta E | AST Verdict
---------+----------------------------------------+------------+--------------+---------+------------
[001/100] rotate_list          (scen #0) | E=  0.0   | E=1000000.0   | -1000000.0 | POS:CLEAN
[002/100] chunk_list           (scen #0) | E=  0.0   | E=1000000.0   | -1000000.0 | POS:CLEAN
[003/100] rotate_string        (scen #0) | E=  0.0   | E=1000000.0   | -1000000.0 | POS:CLEAN
[004/100] sliding_windows      (scen #0) | E=  0.0   | E=1000000.0   | -1000000.0 | POS:CLEAN
[005/100] validate_ipv4        (scen #0) | E=  0.0   | E=1000000.0   | -1000000.0 | POS:CLEAN
[006/100] parse_duration       (scen #0) | E=  0.0   | E=1000000.0   | -1000000.0 | POS:CLEAN
[007/100] validate_hex_color   (scen #0) | E=  0.0   | E=1000000.0   | -1000000.0 | POS:CLEAN
[008/100] parse_size           (scen #0) | E=  0.0   | E=1000000.0   | -1000000.0 | POS:CLEAN
[009/100] factorial            (scen #0) | E=  0.0   | E=1000000.0   | -1000000.0 | POS:CLEAN
[010/100] median               (scen #0) | E=  0.0   | E=1000000.0   | -1000000.0 | POS:CLEAN
[011/100] nth_fibonacci        (scen #0) | E=  0.0   | E=1000000.0   | -1000000.0 | POS:CLEAN
[012/100] second_largest       (scen #0) | E=  0.0   | E=1000000.0   | -1000000.0 | POS:CLEAN
[013/100] camel_to_snake       (scen #0) | E=  0.0   | E=1000000.0   | -1000000.0 | POS:CLEAN
[014/100] run_length_encode    (scen #0) | E=  0.0   | E=1000000.0   | -1000000.0 | POS:CLEAN
[015/100] snake_to_camel       (scen #0) | E=  0.0   | E=1000000.0   | -1000000.0 | POS:CLEAN
[016/100] run_length_decode    (scen #0) | E=  0.0   | E=1000000.0   | -1000000.0 | POS:CLEAN
[017/100] merge_intervals      (scen #0) | E=  0.0   | E=1000000.0   | -1000000.0 | POS:CLEAN
[018/100] compress_ranges      (scen #0) | E=  0.0   | E=1000000.0   | -1000000.0 | POS:CLEAN
[019/100] expand_ranges        (scen #0) | E=  0.0   | E=1000000.0   | -1000000.0 | POS:CLEAN
[020/100] missing_ranges       (scen #0) | E=  0.0   | E=1000000.0   | -1000000.0 | POS:CLEAN
[021/100] rotate_list          (scen #1) | E=  0.0   | E=    10.0   |   -10.0 | POS:CLEAN
[022/100] chunk_list           (scen #1) | E=  0.0   | E=     0.0   |     0.0 | POS:CLEAN
[023/100] rotate_string        (scen #1) | E=  0.0   | E=    10.0   |   -10.0 | POS:CLEAN
[024/100] sliding_windows      (scen #1) | E=  0.0   | E=    10.0   |   -10.0 | POS:CLEAN
[025/100] validate_ipv4        (scen #1) | E=  0.0   | E=    14.3   |   -14.3 | POS:CLEAN
[026/100] parse_duration       (scen #1) | E=  0.0   | E=1000000.0   | -1000000.0 | POS:CLEAN
[027/100] validate_hex_color   (scen #1) | E=  0.0   | E=1000000.0   | -1000000.0 | POS:CLEAN
[028/100] parse_size           (scen #1) | E=  0.0   | E=1000000.0   | -1000000.0 | POS:CLEAN
[029/100] factorial            (scen #1) | E=  0.0   | E=    20.0   |   -20.0 | POS:CLEAN
[030/100] median               (scen #1) | E=  0.0   | E=    20.0   |   -20.0 | POS:CLEAN
[031/100] nth_fibonacci        (scen #1) | E=  0.0   | E=     8.3   |    -8.3 | POS:CLEAN
[032/100] second_largest       (scen #1) | E=  0.0   | E=    25.0   |   -25.0 | POS:CLEAN
[033/100] camel_to_snake       (scen #1) | E=  0.0   | E=1000000.0   | -1000000.0 | POS:CLEAN
[034/100] run_length_encode    (scen #1) | E=  0.0   | E=1000000.0   | -1000000.0 | POS:CLEAN
[035/100] snake_to_camel       (scen #1) | E=  0.0   | E=1000000.0   | -1000000.0 | POS:CLEAN
[036/100] run_length_decode    (scen #1) | E=  0.0   | E=1000000.0   | -1000000.0 | POS:CLEAN
[037/100] merge_intervals      (scen #1) | E=  0.0   | E=1000000.0   | -1000000.0 | POS:CLEAN
[038/100] compress_ranges      (scen #1) | E=  0.0   | E=1000000.0   | -1000000.0 | POS:CLEAN
[039/100] expand_ranges        (scen #1) | E=  0.0   | E=1000000.0   | -1000000.0 | POS:CLEAN
[040/100] missing_ranges       (scen #1) | E=  0.0   | E=1000000.0   | -1000000.0 | POS:CLEAN
[041/100] rotate_list          (scen #2) | E=  0.0   | E=    50.0   |   -50.0 | POS:CLEAN
[042/100] chunk_list           (scen #2) | E=  0.0   | E=    50.0   |   -50.0 | POS:CLEAN
[043/100] rotate_string        (scen #2) | E=  0.0   | E=    50.0   |   -50.0 | POS:CLEAN
[044/100] sliding_windows      (scen #2) | E=  0.0   | E=    50.0   |   -50.0 | POS:CLEAN
[045/100] validate_ipv4        (scen #2) | E=  0.0   | E=    50.0   |   -50.0 | POS:CLEAN
[046/100] parse_duration       (scen #2) | E=  0.0   | E=    28.6   |   -28.6 | POS:CLEAN
[047/100] validate_hex_color   (scen #2) | E=  0.0   | E=     7.1   |    -7.1 | POS:CLEAN
[048/100] parse_size           (scen #2) | E=  0.0   | E=    28.6   |   -28.6 | POS:CLEAN
[049/100] factorial            (scen #2) | E=  0.0   | E=    40.0   |   -40.0 | POS:CLEAN
[050/100] median               (scen #2) | E=  0.0   | E=    50.0   |   -50.0 | POS:CLEAN
[051/100] nth_fibonacci        (scen #2) | E=  0.0   | E=    41.7   |   -41.7 | POS:CLEAN
[052/100] second_largest       (scen #2) | E=  0.0   | E=    50.0   |   -50.0 | POS:CLEAN
[053/100] camel_to_snake       (scen #2) | E=  0.0   | E=    35.7   |   -35.7 | POS:CLEAN
[054/100] run_length_encode    (scen #2) | E=  0.0   | E=    50.0   |   -50.0 | POS:CLEAN
[055/100] snake_to_camel       (scen #2) | E=  0.0   | E=    41.7   |   -41.7 | POS:CLEAN
[056/100] run_length_decode    (scen #2) | E=  0.0   | E=    25.0   |   -25.0 | POS:CLEAN
[057/100] merge_intervals      (scen #2) | E=  0.0   | E=    33.3   |   -33.3 | POS:CLEAN
[058/100] compress_ranges      (scen #2) | E=  0.0   | E=    50.0   |   -50.0 | POS:CLEAN
[059/100] expand_ranges        (scen #2) | E=  0.0   | E=    25.0   |   -25.0 | POS:CLEAN
[060/100] missing_ranges       (scen #2) | E=  0.0   | E=    30.0   |   -30.0 | POS:CLEAN
[061/100] rotate_list          (scen #3) | E=  0.0   | E=    20.0   |   -20.0 | POS:CLEAN
[062/100] chunk_list           (scen #3) | E=  0.0   | E=    50.0   |   -50.0 | POS:CLEAN
[063/100] rotate_string        (scen #3) | E=  0.0   | E=    20.0   |   -20.0 | POS:CLEAN
[064/100] sliding_windows      (scen #3) | E=  0.0   | E=    50.0   |   -50.0 | POS:CLEAN
[065/100] validate_ipv4        (scen #3) | E=  0.0   | E=    14.3   |   -14.3 | POS:CLEAN
[066/100] parse_duration       (scen #3) | E=  0.0   | E=    50.0   |   -50.0 | POS:CLEAN
[067/100] validate_hex_color   (scen #3) | E=  0.0   | E=1000000.0   | -1000000.0 | POS:CLEAN
[068/100] parse_size           (scen #3) | E=  0.0   | E=    50.0   |   -50.0 | POS:CLEAN
[069/100] factorial            (scen #3) | E=  0.0   | E=    20.0   |   -20.0 | POS:CLEAN
[070/100] median               (scen #3) | E=  0.0   | E=    10.0   |   -10.0 | POS:CLEAN
[071/100] nth_fibonacci        (scen #3) | E=  0.0   | E=    50.0   |   -50.0 | POS:CLEAN
[072/100] second_largest       (scen #3) | E=  0.0   | E=    41.7   |   -41.7 | POS:CLEAN
[073/100] camel_to_snake       (scen #3) | E=  0.0   | E=    50.0   |   -50.0 | POS:CLEAN
[074/100] run_length_encode    (scen #3) | E=  0.0   | E=    50.0   |   -50.0 | POS:CLEAN
[075/100] snake_to_camel       (scen #3) | E=  0.0   | E=    50.0   |   -50.0 | POS:CLEAN
[076/100] run_length_decode    (scen #3) | E=  0.0   | E=    50.0   |   -50.0 | POS:CLEAN
[077/100] merge_intervals      (scen #3) | E=  0.0   | E=    41.7   |   -41.7 | POS:CLEAN
[078/100] compress_ranges      (scen #3) | E=  0.0   | E=    50.0   |   -50.0 | POS:CLEAN
[079/100] expand_ranges        (scen #3) | E=  0.0   | E=    50.0   |   -50.0 | POS:CLEAN
[080/100] missing_ranges       (scen #3) | E=  0.0   | E=    50.0   |   -50.0 | POS:CLEAN
[081/100] rotate_list          (scen #4) | E=  0.0   | E=1000000.0   | -1000000.0 | POS:CLEAN
[082/100] chunk_list           (scen #4) | E=  0.0   | E=1000000.0   | -1000000.0 | POS:CLEAN
[083/100] rotate_string        (scen #4) | E=  0.0   | E=1000000.0   | -1000000.0 | POS:CLEAN
[084/100] sliding_windows      (scen #4) | E=  0.0   | E=1000000.0   | -1000000.0 | POS:CLEAN
[085/100] validate_ipv4        (scen #4) | E=  0.0   | E=1000000.0   | -1000000.0 | POS:CLEAN
[086/100] parse_duration       (scen #4) | E=  0.0   | E=1000000.0   | -1000000.0 | POS:CLEAN
[087/100] validate_hex_color   (scen #4) | E=  0.0   | E=1000000.0   | -1000000.0 | POS:CLEAN
[088/100] parse_size           (scen #4) | E=  0.0   | E=1000000.0   | -1000000.0 | POS:CLEAN
[089/100] factorial            (scen #4) | E=  0.0   | E=1000000.0   | -1000000.0 | POS:CLEAN
[090/100] median               (scen #4) | E=  0.0   | E=1000000.0   | -1000000.0 | POS:CLEAN
[091/100] nth_fibonacci        (scen #4) | E=  0.0   | E=1000000.0   | -1000000.0 | POS:CLEAN
[092/100] second_largest       (scen #4) | E=  0.0   | E=1000000.0   | -1000000.0 | POS:CLEAN
[093/100] camel_to_snake       (scen #4) | E=  0.0   | E=1000000.0   | -1000000.0 | POS:CLEAN
[094/100] run_length_encode    (scen #4) | E=  0.0   | E=1000000.0   | -1000000.0 | POS:CLEAN
[095/100] snake_to_camel       (scen #4) | E=  0.0   | E=1000000.0   | -1000000.0 | POS:CLEAN
[096/100] run_length_decode    (scen #4) | E=  0.0   | E=1000000.0   | -1000000.0 | POS:CLEAN
[097/100] merge_intervals      (scen #4) | E=  0.0   | E=1000000.0   | -1000000.0 | POS:CLEAN
[098/100] compress_ranges      (scen #4) | E=  0.0   | E=1000000.0   | -1000000.0 | POS:CLEAN
[099/100] expand_ranges        (scen #4) | E=  0.0   | E=1000000.0   | -1000000.0 | POS:CLEAN
[100/100] missing_ranges       (scen #4) | E=  0.0   | E=1000000.0   | -1000000.0 | POS:CLEAN

═══════════════════════════════════════════════════════════════════════
📦 BUILDING DPO PREFERENCE DATASET FROM RECORDED SESSIONS
✅ Successfully completed 100 functional tests!
   Positive Pass Rate:    100/100 (100.0%)
   Issue Detection Rate:  99/100 (99.0%)
   Preference Pairs:      99 pairs exported to results/rl_nightly/dpo_preference_pairs.jsonl
   Train/Val Split:       90 train, 9 val
═══════════════════════════════════════════════════════════════════════

[2/2] Conducting Post-Training on RL Reinforcement Learning...
═══════════════════════════════════════════════════════════════════════
🧠 ANSE RL POST-TRAINING (DPO / THERMODYNAMIC CRITIC ALIGNMENT)
   Dataset:     results/rl_nightly/dpo_preference_pairs.jsonl
   Device:      cpu (Local CPU)
   Epochs:      100
   Batch Size:  8
   Beta (KL):   0.1
   Output dir:  results/rl_nightly
═══════════════════════════════════════════════════════════════════════

Epoch | DPO Loss | Margin (Chosen - Rej) | Accuracy | Learning Rate | Time
------+----------+-----------------------+----------+---------------+-------
0001  |   0.5212 |                4.4161 |    93.9% | 1.00e-03      |   6.1s
0005  |   0.0050 |              108.5927 |   100.0% | 9.94e-04      |  40.4s
0010  |   0.0001 |              132.5427 |   100.0% | 9.76e-04      |  85.8s
0015  |   0.0000 |              146.4191 |   100.0% | 9.46e-04      | 115.0s
0020  |   0.0000 |              151.7315 |   100.0% | 9.05e-04      | 136.3s
0025  |   0.0000 |              155.4861 |   100.0% | 8.54e-04      | 164.2s
0030  |   0.0000 |              157.0856 |   100.0% | 7.94e-04      | 191.7s
0035  |   0.0000 |              158.0554 |   100.0% | 7.27e-04      | 229.4s
0040  |   0.0000 |              159.1761 |   100.0% | 6.55e-04      | 258.8s
0045  |   0.0000 |              160.1597 |   100.0% | 5.78e-04      | 293.9s
0050  |   0.0000 |              160.3414 |   100.0% | 5.00e-04      | 357.0s
0055  |   0.0000 |              162.1550 |   100.0% | 4.22e-04      | 396.4s
0060  |   0.0000 |              163.0526 |   100.0% | 3.45e-04      | 431.1s
0065  |   0.0000 |              162.9066 |   100.0% | 2.73e-04      | 466.6s
0070  |   0.0000 |              162.4072 |   100.0% | 2.06e-04      | 498.2s
0075  |   0.0000 |              163.0852 |   100.0% | 1.46e-04      | 525.7s
0080  |   0.0000 |              163.6786 |   100.0% | 9.55e-05      | 549.5s
0085  |   0.0000 |              163.4320 |   100.0% | 5.45e-05      | 573.0s
0090  |   0.0000 |              163.1094 |   100.0% | 2.45e-05      | 601.4s
0095  |   0.0000 |              163.9561 |   100.0% | 6.16e-06      | 626.6s
0100  |   0.0000 |              163.4363 |   100.0% | 0.00e+00      | 659.8s

═══════════════════════════════════════════════════════════════════════
🎯 RL POST-TRAINING COMPLETED SUCCESSFULLY
   Final DPO Loss:      0.0000 (converged)
   Final Reward Margin: 163.4363 (positive separation)
   Accuracy:            100.0%
   Trained weights:     results/rl_nightly/anse_critic_final.pt
   Report:              results/rl_nightly/training_report.json
═══════════════════════════════════════════════════════════════════════

═══════════════════════════════════════════════════════════════════════
✅ NIGHTLY PIPELINE COMPLETED SUCCESSFULLY AT Tue Sep 22 06:40:06 CEST 2026
   Traces & Sessions: results/rl_nightly/sessions.jsonl
   DPO Preference:    results/rl_nightly/dpo_preference_pairs.jsonl
   Critic Model:      results/rl_nightly/anse_critic_final.pt
   Report:            results/rl_nightly/training_report.json
═══════════════════════════════════════════════════════════════════════
